HealthBernmap$1.class
MallTrimap.class
FoodJabeemap$3.class
HealthSec$1.class
AAAASignUp$4.class
HealthSec.class
ALoginFrame.class
GovtBSPmap$1.class
AABsns$5.class
HealthBernmap.class
Bsnsbusipermit.class
AAPlace$7.class
Govt.class
AABsns$2.class
FoodChowkmap$2.class
FoodSec$1.class
OtherArtmap$1.class
GovtLTOmap$1.class
Healthheartmap.class
Bsnsmayor$7.class
Bsnsbusipermit$6.class
MallFishmap.class
AAEduc$1.class
AAJob$1.class
FoodJabeemap.class
AAAMain$5.class
Healtheastavemap$1.class
AAAALogin$3.class
Bsnsmayor$1.class
Bsnscomplain$1.class
AAAMain$2.class
MAllSec$3.class
OtherAranetamap$1.class
AAEduc.class
Bsnsmayor$4.class
StartUp.class
Bsnsmayor$3.class
AAAMain$3.class
AAPlace$1.class
MallSMmap.class
AAAALogin.class
AABsns$4.class
AAInfo.class
AAAALogin$2.class
MAllSec$2.class
FoodSec.class
Healthheartmap$1.class
HealthSec$3.class
Bsnsbusipermit$3.class
FoodStarbsmap$2.class
AAPlace.class
MallSMmap$3.class
AAPlace$2.class
FoodStarbsmap$3.class
Bsnscomplain$3.class
FoodChowkmap.class
AAAALogin$1.class
AAAASignUp$5.class
Bsnsmayor$2.class
AAAMain$4.class
Bsnscomplain.class
Healtheastavemap.class
MallSMmap$2.class
FoodChowkmap$1.class
AABsns$3.class
Bsnsbusipermit$4.class
Bsnsmayor.class
OtherArtmap.class
Bsnsbusipermit$5.class
Bsnscomplain$2.class
AAPlace$3.class
GovtBSPmap.class
MallSMmap$1.class
MAllSec$1.class
AABsns.class
FoodStarbsmap$4.class
AAInfo$1.class
GovtBIRmap$1.class
OtherSec.class
AAAALogin$4.class
AAAMain$1.class
Bsnsmayor$5.class
HealthSec$2.class
FoodChowkmap$3.class
MallTrimap$1.class
OtherAranetamap.class
AABsns$1.class
GovtBIRmap.class
AAJob.class
Bsnsbusipermit$2.class
FoodSec$2.class
GovtLTOmap.class
AAPlace$6.class
AAAASignUp$6.class
Govt$1.class
FoodStarbsmap$1.class
FoodJabeemap$1.class
MallFishmap$1.class
AAAASignUp$3.class
AAAALogin$5.class
MAllSec.class
Govt$2.class
AAAMain$6.class
AAPlace$5.class
OtherSec$1.class
AAAASignUp$2.class
AAJob$2.class
FoodJabeemap$2.class
AAAMain.class
Govt$3.class
AAPlace$4.class
OtherSec$2.class
AAAASignUp$1.class
Bsnsbusipermit$1.class
FoodSec$3.class
AAAASignUp.class
Bsnsmayor$6.class
Bsnsbusipermit$7.class
AAAMain$7.class
FoodStarbsmap.class
