C:\Users\User\OneDrive\Documents\NetBeansProjects\EDITED\Ecommunity\src\main\java\GovtBSPmap.java
C:\Users\User\OneDrive\Documents\NetBeansProjects\EDITED\Ecommunity\src\main\java\HealthSec.java
C:\Users\User\OneDrive\Documents\NetBeansProjects\EDITED\Ecommunity\src\main\java\FoodSec.java
C:\Users\User\OneDrive\Documents\NetBeansProjects\EDITED\Ecommunity\src\main\java\StartUp.java
C:\Users\User\OneDrive\Documents\NetBeansProjects\EDITED\Ecommunity\src\main\java\AAPlace.java
C:\Users\User\OneDrive\Documents\NetBeansProjects\EDITED\Ecommunity\src\main\java\Healtheastavemap.java
C:\Users\User\OneDrive\Documents\NetBeansProjects\EDITED\Ecommunity\src\main\java\MallFishmap.java
C:\Users\User\OneDrive\Documents\NetBeansProjects\EDITED\Ecommunity\src\main\java\Bsnsbusipermit.java
C:\Users\User\OneDrive\Documents\NetBeansProjects\EDITED\Ecommunity\src\main\java\MAllSec.java
C:\Users\User\OneDrive\Documents\NetBeansProjects\EDITED\Ecommunity\src\main\java\AABsns.java
C:\Users\User\OneDrive\Documents\NetBeansProjects\EDITED\Ecommunity\src\main\java\AAAMain.java
C:\Users\User\OneDrive\Documents\NetBeansProjects\EDITED\Ecommunity\src\main\java\OtherAranetamap.java
C:\Users\User\OneDrive\Documents\NetBeansProjects\EDITED\Ecommunity\src\main\java\GovtLTOmap.java
C:\Users\User\OneDrive\Documents\NetBeansProjects\EDITED\Ecommunity\src\main\java\AAJob.java
C:\Users\User\OneDrive\Documents\NetBeansProjects\EDITED\Ecommunity\src\main\java\MallSMmap.java
C:\Users\User\OneDrive\Documents\NetBeansProjects\EDITED\Ecommunity\src\main\java\Bsnscomplain.java
C:\Users\User\OneDrive\Documents\NetBeansProjects\EDITED\Ecommunity\src\main\java\GovtBIRmap.java
C:\Users\User\OneDrive\Documents\NetBeansProjects\EDITED\Ecommunity\src\main\java\ALoginFrame.java
C:\Users\User\OneDrive\Documents\NetBeansProjects\EDITED\Ecommunity\src\main\java\OtherArtmap.java
C:\Users\User\OneDrive\Documents\NetBeansProjects\EDITED\Ecommunity\src\main\java\Bsnsmayor.java
C:\Users\User\OneDrive\Documents\NetBeansProjects\EDITED\Ecommunity\src\main\java\AAAALogin.java
C:\Users\User\OneDrive\Documents\NetBeansProjects\EDITED\Ecommunity\src\main\java\OtherSec.java
C:\Users\User\OneDrive\Documents\NetBeansProjects\EDITED\Ecommunity\src\main\java\Healthheartmap.java
C:\Users\User\OneDrive\Documents\NetBeansProjects\EDITED\Ecommunity\src\main\java\FoodStarbsmap.java
C:\Users\User\OneDrive\Documents\NetBeansProjects\EDITED\Ecommunity\src\main\java\MallTrimap.java
C:\Users\User\OneDrive\Documents\NetBeansProjects\EDITED\Ecommunity\src\main\java\Govt.java
C:\Users\User\OneDrive\Documents\NetBeansProjects\EDITED\Ecommunity\src\main\java\AAEduc.java
C:\Users\User\OneDrive\Documents\NetBeansProjects\EDITED\Ecommunity\src\main\java\FoodJabeemap.java
C:\Users\User\OneDrive\Documents\NetBeansProjects\EDITED\Ecommunity\src\main\java\AAAASignUp.java
C:\Users\User\OneDrive\Documents\NetBeansProjects\EDITED\Ecommunity\src\main\java\AAInfo.java
C:\Users\User\OneDrive\Documents\NetBeansProjects\EDITED\Ecommunity\src\main\java\FoodChowkmap.java
C:\Users\User\OneDrive\Documents\NetBeansProjects\EDITED\Ecommunity\src\main\java\HealthBernmap.java
